../Drivers_Devices/Src/stm32f407xx_timer.c:12:6:TIMER_PeriClockControl	16	static
../Drivers_Devices/Src/stm32f407xx_timer.c:51:6:TIMER_Init	24	static
../Drivers_Devices/Src/stm32f407xx_timer.c:111:6:TIMER_DeInit	16	static
../Drivers_Devices/Src/stm32f407xx_timer.c:130:6:TIMER_Start	24	static
../Drivers_Devices/Src/stm32f407xx_timer.c:145:6:TIMER_Stop	16	static
../Drivers_Devices/Src/stm32f407xx_timer.c:151:6:TIMER_ResetCounter	16	static
../Drivers_Devices/Src/stm32f407xx_timer.c:157:6:TIMER_SetPrescaler	16	static
../Drivers_Devices/Src/stm32f407xx_timer.c:168:6:TIMER_SetAutoReload	16	static
../Drivers_Devices/Src/stm32f407xx_timer.c:176:10:TIMER_GetCounter	16	static
../Drivers_Devices/Src/stm32f407xx_timer.c:183:6:TIMER_IRQInterruptConfig	16	static
../Drivers_Devices/Src/stm32f407xx_timer.c:199:6:TIMER_IRQPriorityConfig	24	static
../Drivers_Devices/Src/stm32f407xx_timer.c:208:6:TIMER_EnableIt_Update	16	static
../Drivers_Devices/Src/stm32f407xx_timer.c:216:6:TIMER_EnableIt_CC	16	static
../Drivers_Devices/Src/stm32f407xx_timer.c:238:9:TIMER_GetFlagStatus	16	static
../Drivers_Devices/Src/stm32f407xx_timer.c:244:6:TIMER_ClearFlag	16	static
../Drivers_Devices/Src/stm32f407xx_timer.c:251:6:TIMER_IRQHandling	40	static
../Drivers_Devices/Src/stm32f407xx_timer.c:303:6:TIMER_RegisterCallback	16	static
../Drivers_Devices/Src/stm32f407xx_timer.c:312:13:_timer_configure_oc	24	static
../Drivers_Devices/Src/stm32f407xx_timer.c:368:6:TIMER_PWMInit	24	static
../Drivers_Devices/Src/stm32f407xx_timer.c:375:6:TIMER_SetPWMDutyCycle	32	static
../Drivers_Devices/Src/stm32f407xx_timer.c:396:6:TIMER_PWMStart	24	static
../Drivers_Devices/Src/stm32f407xx_timer.c:417:6:TIMER_PWMStop	24	static
../Drivers_Devices/Src/stm32f407xx_timer.c:433:6:TIMER_ChangePWMFrequency	64	static
../Drivers_Devices/Src/stm32f407xx_timer.c:466:6:TIMER_ICInit	24	static
../Drivers_Devices/Src/stm32f407xx_timer.c:547:10:TIMER_ICReadCapture	16	static
../Drivers_Devices/Src/stm32f407xx_timer.c:560:6:TIMER_ICClearFlag	16	static
