../Drivers_Devices/Src/stm32f407xx_i2c.c:14:6:I2C_PeriClockControl	16	static
../Drivers_Devices/Src/stm32f407xx_i2c.c:37:10:RCC_GetPCLK1Value	56	static
../Drivers_Devices/Src/stm32f407xx_i2c.c:84:6:I2C_Init	40	static
../Drivers_Devices/Src/stm32f407xx_i2c.c:143:6:I2C_DeInit	16	static
../Drivers_Devices/Src/stm32f407xx_i2c.c:163:6:I2C_MasterSendData	24	static
../Drivers_Devices/Src/stm32f407xx_i2c.c:199:6:I2C_MasterReceiveData	24	static
../Drivers_Devices/Src/stm32f407xx_i2c.c:251:6:I2C_PeripheralControl	16	static
../Drivers_Devices/Src/stm32f407xx_i2c.c:259:6:I2C_ManageAcking	16	static
../Drivers_Devices/Src/stm32f407xx_i2c.c:273:9:I2C_GetFlagStatus	16	static
../Drivers_Devices/Src/stm32f407xx_i2c.c:282:6:I2C_IRQInterruptConfig	16	static
../Drivers_Devices/Src/stm32f407xx_i2c.c:304:6:I2C_IRQPriorityConfig	24	static
../Drivers_Devices/Src/stm32f407xx_i2c.c:317:9:I2C_MasterSendDataIT	32	static
../Drivers_Devices/Src/stm32f407xx_i2c.c:339:9:I2C_MasterReceiveDataIT	32	static
../Drivers_Devices/Src/stm32f407xx_i2c.c:362:6:I2C_CloseReceiveData	16	static
../Drivers_Devices/Src/stm32f407xx_i2c.c:376:6:I2C_CloseSendData	16	static
../Drivers_Devices/Src/stm32f407xx_i2c.c:390:6:I2C_EV_IRQHandling	24	static
../Drivers_Devices/Src/stm32f407xx_i2c.c:538:6:I2C_ER_IRQHandling	24	static
../Drivers_Devices/Src/stm32f407xx_i2c.c:576:6:I2C_SlaveSendData	16	static
../Drivers_Devices/Src/stm32f407xx_i2c.c:582:9:I2C_SlaveReceiveData	16	static
../Drivers_Devices/Src/stm32f407xx_i2c.c:587:6:I2C_SlaveEnableDisableCallbackEvents	16	static
../Drivers_Devices/Src/stm32f407xx_i2c.c:605:6:I2C_BusRecovery	40	static
../Drivers_Devices/Src/stm32f407xx_i2c.c:667:28:I2C_ApplicationEventCallback	16	static
