../Drivers_Devices/Src/stm32f407xx_adc.c:11:6:ADC_PeriClockControl	16	static
../Drivers_Devices/Src/stm32f407xx_adc.c:33:6:ADC_Init	24	static
../Drivers_Devices/Src/stm32f407xx_adc.c:90:6:ADC_DeInit	16	static
../Drivers_Devices/Src/stm32f407xx_adc.c:105:10:ADC_ReadSingleConversion	32	static
../Drivers_Devices/Src/stm32f407xx_adc.c:142:6:ADC_StartConversion	24	static
../Drivers_Devices/Src/stm32f407xx_adc.c:157:6:ADC_StopConversion	24	static
../Drivers_Devices/Src/stm32f407xx_adc.c:168:6:ADC_IRQInterruptConfig	16	static
../Drivers_Devices/Src/stm32f407xx_adc.c:190:6:ADC_IRQPriorityConfig	24	static
../Drivers_Devices/Src/stm32f407xx_adc.c:199:6:ADC_IRQHandling	32	static
../Drivers_Devices/Src/stm32f407xx_adc.c:230:6:ADC_SetChannelSampleTime	24	static
../Drivers_Devices/Src/stm32f407xx_adc.c:251:6:ADC_SelectRegularChannel	32	static
../Drivers_Devices/Src/stm32f407xx_adc.c:280:6:ADC_RegisterCallback	16	static
../Drivers_Devices/Src/stm32f407xx_adc.c:286:6:ADC_ConfigRegularSequence	40	static
../Drivers_Devices/Src/stm32f407xx_adc.c:323:6:ADC_ConfigExternalTrigger	16	static
