../Drivers_Devices/Src/stm32f407xx_usart.c:13:17:USART_ComputeBRR	40	static
../Drivers_Devices/Src/stm32f407xx_usart.c:26:17:USART_GetPCLK	88	static
../Drivers_Devices/Src/stm32f407xx_usart.c:70:6:USART_PeriClockControl	16	static
../Drivers_Devices/Src/stm32f407xx_usart.c:92:6:USART_Init	32	static
../Drivers_Devices/Src/stm32f407xx_usart.c:158:6:USART_DeInit	16	static
../Drivers_Devices/Src/stm32f407xx_usart.c:178:6:USART_SendData	32	static
../Drivers_Devices/Src/stm32f407xx_usart.c:216:6:USART_ReceiveData	32	static
../Drivers_Devices/Src/stm32f407xx_usart.c:259:9:USART_SendDataIT	24	static
../Drivers_Devices/Src/stm32f407xx_usart.c:275:9:USART_ReceiveDataIT	24	static
../Drivers_Devices/Src/stm32f407xx_usart.c:290:6:USART_IRQHandling	32	static
../Drivers_Devices/Src/stm32f407xx_usart.c:387:6:USART_IRQInterruptConfig	32	static
../Drivers_Devices/Src/stm32f407xx_usart.c:404:6:USART_IRQPriorityConfig	24	static
../Drivers_Devices/Src/stm32f407xx_usart.c:412:6:USART_PeripheralControl	16	static
../Drivers_Devices/Src/stm32f407xx_usart.c:420:9:USART_GetFlagStatus	16	static
../Drivers_Devices/Src/stm32f407xx_usart.c:425:6:USART_ClearFlag	24	static
../Drivers_Devices/Src/stm32f407xx_usart.c:447:28:USART_ApplicationEventCallback	16	static
