../Drivers_Devices/Src/stm32f407xx_spi.c:14:6:SPI_PeriClockControl	16	static
../Drivers_Devices/Src/stm32f407xx_spi.c:36:6:SPI_Init	24	static
../Drivers_Devices/Src/stm32f407xx_spi.c:71:6:SPI_DeInit	16	static
../Drivers_Devices/Src/stm32f407xx_spi.c:86:6:SPI_SendData	24	static
../Drivers_Devices/Src/stm32f407xx_spi.c:114:6:SPI_ReceiveData	24	static
../Drivers_Devices/Src/stm32f407xx_spi.c:139:9:SPI_SendDataIT	32	static
../Drivers_Devices/Src/stm32f407xx_spi.c:156:9:SPI_ReceiveDataIT	32	static
../Drivers_Devices/Src/stm32f407xx_spi.c:173:6:SPI_PeripheralControl	16	static
../Drivers_Devices/Src/stm32f407xx_spi.c:185:9:SPI_GetFlagStatus	16	static
../Drivers_Devices/Src/stm32f407xx_spi.c:194:6:SPI_SSIConfig	16	static
../Drivers_Devices/Src/stm32f407xx_spi.c:205:6:SPI_SSOEConfig	16	static
../Drivers_Devices/Src/stm32f407xx_spi.c:217:6:SPI_CloseTransmitter	16	static
../Drivers_Devices/Src/stm32f407xx_spi.c:226:6:SPI_CloseReceiver	16	static
../Drivers_Devices/Src/stm32f407xx_spi.c:235:6:SPI_IRQInterruptConfig	16	static
../Drivers_Devices/Src/stm32f407xx_spi.c:256:6:SPI_IRQPriorityConfig	24	static
../Drivers_Devices/Src/stm32f407xx_spi.c:267:6:SPI_IRQHandling	32	static
../Drivers_Devices/Src/stm32f407xx_spi.c:338:28:SPI_ApplicationEventCallback	16	static
